1>#  raiz, izquierdo, derecho, buscar_subarbol.
2>Insertado.
3>(3,k)
4>
5>
6>Insertado.
7>Insertado.
8>Insertado.
9>(3,k)
10>
11>
-(7,z)
(1,n)
-(4,l)
12>Insertado.
13>Insertado.
14>Insertado.
15>
--(7,z)
-(1,n)
---(3,m)
--(4,l)
(3,k)
--(6,b)
-(2,a)
16>(3,k)
17>
-(6,b)
(2,a)
18>
-(7,z)
(1,n)
--(3,m)
-(4,l)
19>(3,k)
20>(2,a)
21>(6,b)
22>sub es vacÃ­o.
23>(4,l)
24>Fin.
