1>#  altura_binario, cantidad_binario, linealizacion.
2>0.
3>0.
4>
5>Insertado.
6>1.
7>1.
8>(3,k)
9>Insertado.
10>Insertado.
11>Insertado.
12>3.
13>4.
14>(3,k)(4,l)(1,n)(7,z)
15>Insertado.
16>Insertado.
17>Insertado.
18>4.
19>7.
20>(2,a)(6,b)(3,k)(4,l)(3,m)(1,n)(7,z)
21>Fin.
