1>#  remover_mayor, remover_de_binario.
2>Insertado.
3>Insertado.
4>Insertado.
5>Insertado.
6>Insertado.
7>Insertado.
8>Insertado.
9>
--(7,z)
-(1,n)
---(3,m)
--(4,l)
(3,k)
--(6,b)
-(2,a)
10>(7,z)
11>
-(1,n)
---(3,m)
--(4,l)
(3,k)
--(6,b)
-(2,a)
12>(1,n)
13>
--(3,m)
-(4,l)
(3,k)
--(6,b)
-(2,a)
14>NO removido.
15>Removido.
16>
--(3,m)
-(4,l)
(6,b)
-(2,a)
17>Insertado.
18>
--(3,m)
-(4,l)
--(3,k)
(6,b)
-(2,a)
19>Insertado.
20>
---(10,z)
--(3,m)
-(4,l)
--(3,k)
(6,b)
-(2,a)
21>Removido.
22>Removido.
23>
--(10,z)
-(3,k)
(6,b)
-(2,a)
24>Fin.
