1>#  kesimo_en_binario.
2>Insertado.
3>Insertado.
4>Insertado.
5>Insertado.
6>
--(7,z)
-(1,n)
--(4,l)
(3,k)
7>(3,k).
8>(4,l).
9>(1,n).
10>(7,z).
11>Insertado.
12>Insertado.
13>Insertado.
14>
--(7,z)
-(1,n)
---(3,m)
--(4,l)
(3,k)
--(6,b)
-(2,a)
15>(2,a).
16>(6,b).
17>(3,k).
18>(4,l).
19>(3,m).
20>(1,n).
21>(7,z).
22>Fin.
