1>#  filtrado.
2>Insertado.
3>Insertado.
4>Insertado.
5>Insertado.
6>Insertado.
7>Insertado.
8>Insertado.
9>Insertado.
10>Insertado.
11>Insertado.
12>Insertado.
13>Insertado.
14>
---(3,z)
--(4,t)
-(7,p)
---(9,o)
--(8,n)
(6,m)
---(5,l)
--(4,k)
-(3,j)
---(2,h)
--(1,f)
---(9,a)
15>
--(3,z)
-(4,t)
(4,k)
-(3,j)
---(2,h)
--(1,f)
16>
-(3,z)
(3,j)
--(2,h)
-(1,f)
17>
---(3,z)
--(4,t)
-(7,p)
---(9,o)
--(8,n)
(6,m)
---(5,l)
--(4,k)
-(3,j)
---(2,h)
--(1,f)
---(9,a)
18>
---(3,z)
--(4,t)
-(7,p)
---(9,o)
--(8,n)
(6,m)
---(5,l)
--(4,k)
-(3,j)
---(2,h)
--(1,f)
---(9,a)
19>Fin.
