1>Comando no reconocido.
2>Vacio.
3>
4>Insertado.
5>Insertado.
6>Insertado.
7>Insertado.
8>Insertado.
9>Insertado.
10>Insertado.
11>Insertado.
12>Insertado.
13>Insertado.
14>Insertado.
15>Insertado.
16>Insertado.
17>No vacÃ­o.
18>
---(20,z)
--(18,s)
---(1,r)
-(14,p)
--(2,n)
(12,m)
---(7,k)
--(9,j)
---(5,h)
-(8,g)
---(4,e)
--(2,c)
---(1,a)
19>(20,z)
20>Removido.
21>
--(18,s)
---(1,r)
-(14,p)
--(2,n)
(12,m)
---(7,k)
--(9,j)
---(5,h)
-(4,e)
--(2,c)
---(1,a)
22>(18,s)
23>Removido.
24>
--(1,r)
-(14,p)
--(2,n)
(7,k)
--(9,j)
---(5,h)
-(4,e)
--(2,c)
---(1,a)
25>Fin.
