1>#  raiz, izquierdo, derecho, buscar_subarbol, linealizacion.
2>Insertado.
3>(12,m)
4>
5>
6>Insertado.
7>Insertado.
8>Insertado.
9>Insertado.
10>Insertado.
11>Insertado.
12>(12,m)
13>
-(9,j)
(8,g)
-(2,c)
--(1,a)
14>
-(18,s)
(14,p)
15>Insertado.
16>Insertado.
17>Insertado.
18>Insertado.
19>Insertado.
20>Insertado.
21>(12,m)
22>
--(20,z)
-(18,s)
--(1,r)
(14,p)
-(2,n)
23>
--(7,k)
-(9,j)
--(5,h)
(8,g)
--(4,e)
-(2,c)
--(1,a)
24>(18,s)
25>(14,p)
26>sub es vacÃ­o.
27>(8,g)
28>(7,k)
29>(2,c)
30>Fin.
