1>#  altura_binario, cantidad_binario,kesimo_en_binario.
2>Insertado.
3>Insertado.
4>2.
5>2.
6>(8,g).
7>(12,m).
8>k fuera de rango.
9>Insertado.
10>Insertado.
11>Insertado.
12>4.
13>5.
14>(1,a).
15>(2,c).
16>(9,j).
17>Insertado.
18>Insertado.
19>Insertado.
20>Insertado.
21>Insertado.
22>Insertado.
23>Insertado.
24>Insertado.
25>4.
26>13.
27>(1,a).
28>(4,e).
29>(5,h).
30>(12,m).
31>(2,n).
32>(1,r).
33>(20,z).
34>Fin.
