1>#  es_AVL, filtrado.
2>Insertado.
3>Insertado.
4>Insertado.
5>
(12,m)
--(9,j)
-(8,g)
6>No AVL.
7>Insertado.
8>Insertado.
9>Insertado.
10>Insertado.
11>
(12,m)
--(9,j)
---(5,h)
-(8,g)
---(4,e)
--(2,c)
---(1,a)
12>No AVL.
13>Insertado.
14>Insertado.
15>Insertado.
16>
--(18,s)
-(14,p)
(12,m)
---(7,k)
--(9,j)
---(5,h)
-(8,g)
---(4,e)
--(2,c)
---(1,a)
17>AVL.
18>Insertado.
19>Insertado.
20>Insertado.
21>
---(20,z)
--(18,s)
---(1,r)
-(14,p)
--(2,n)
(12,m)
---(7,k)
--(9,j)
---(5,h)
-(8,g)
---(4,e)
--(2,c)
---(1,a)
22>AVL.
23>
--(1,r)
-(2,n)
(2,c)
-(1,a)
24>
--(1,r)
-(2,n)
(4,e)
-(2,c)
--(1,a)
25>
--(1,r)
-(2,n)
(7,k)
--(5,h)
-(4,e)
--(2,c)
---(1,a)
26>Fin.
