1>#  prueba de tiempo_cp.
2>
 prueba 1. 
 prueba 2. 
 prueba 3. 
3>Fin.
