1>#  prueba de es_AVL.
2>Construir árbol. 
¿Es AVL?. 
 Liberar binario. 
3>Fin.
