1>#  pruebas para tabla.
2>t NO está llena.
3>NO existe asociación en t.
4>Asociado.
5>Existe asociación en t.
6>a.
7>Asociado.
8>b.
9>Asociado.
10>Asociado.
11>Asociado.
12>Asociado.
13>b.
14>b.
15>c.
16>d.
17>e.
18>Asociado.
19>Asociado.
20>Asociado.
21>aa.
22>bb.
23>cc.
24>d.
25>e.
26>No existe asociación en t.
27>t NO está llena.
28>Asociado.
29>Asociado.
30>Asociado.
31>Asociado.
32>Asociado.
33>Asociado.
34>Asociado.
35>t NO está llena.
36>Asociado.
37>t está llena.
38>t esta llena.
39>l.
40>No existe asociación en t.
41>Desasociado.
42>Desasociado.
43>Desasociado.
44>Desasociado.
45>t NO está llena.
46>Desasociado.
47>Desasociado.
48>Desasociado.
49>Desasociado.
50>Desasociado.
51>Desasociado.
52>Desasociado.
53>Desasociado.
54>Desasociado.
55>Fin.
