1>#  pruebas de mayores.
2>
3>(2,a)
4>(2,a)
5>
6>
7>(2,z)
8>(3,z)
9>(2,a)(3,z)
10>(10,h)
11>(9,a)(10,h)
12>(5,e)(9,a)(10,h)
13>(3,c)(4,i)(5,e)(9,a)
14>Fin.
