1>#  pruebas para pila.
2>p está vacia.
3>p NO está llena.
4>p está vacía.
5>p está vacía.
6>Apilado.
7>p NO está vacia.
8>p NO está llena.
9>a.
10>Desapilado.
11>p está vacia.
12>p NO está llena.
13>Apilado.
14>Apilado.
15>Apilado.
16>Apilado.
17>p NO está vacia.
18>p NO está llena.
19>d.
20>Desapilado.
21>c.
22>Desapilado.
23>b.
24>Apilado.
25>Apilado.
26>Apilado.
27>Apilado.
28>Apilado.
29>Apilado.
30>Apilado.
31>h.
32>p NO está vacia.
33>p NO está llena.
34>Apilado.
35>p está llena.
36>i.
37>p NO está vacia.
38>p está llena.
39>Desapilado.
40>h.
41>Desapilado.
42>Desapilado.
43>Desapilado.
44>Desapilado.
45>Desapilado.
46>Desapilado.
47>Desapilado.
48>Desapilado.
49>a.
50>p NO está vacia.
51>p NO está llena.
52>Desapilado.
53>p está vacía.
54>p está vacia.
55>p NO está llena.
56>Fin.
