1>#  pruebas para pila.
2>p está vacia.
3>p NO está llena.
4>p está vacía.
5>p está vacía.
6>Apilado.
7>Apilado.
8>Apilado.
9>Apilado.
10>Apilado.
11>Apilado.
12>Apilado.
13>Apilado.
14>Apilado.
15>Apilado.
16>p NO está vacia.
17>p está llena.
18>j.
19>Desapilado.
20>Desapilado.
21>Desapilado.
22>Desapilado.
23>Desapilado.
24>Desapilado.
25>Desapilado.
26>Desapilado.
27>Desapilado.
28>a.
29>p NO está vacia.
30>p NO está llena.
31>Desapilado.
32>p está vacia.
33>p NO está llena.
34>Apilado.
35>Apilado.
36>j.
37>Fin.
