1>#  prueba de tiempo_balanceado.
2>Crear balanceado. 
 Liberar binario. 
3>Fin.
